Product: MDK-ARM Standard 5.10
Component: ARM Compiler 5.04 update 1 (build 49)
Tool: armlink [5040049]

==============================================================================

Section Cross References

    startup_stm32f10x_hd.o(RESET) refers to startup_stm32f10x_hd.o(STACK) for __initial_sp
    startup_stm32f10x_hd.o(RESET) refers to startup_stm32f10x_hd.o(.text) for Reset_Handler
    startup_stm32f10x_hd.o(RESET) refers to port.o(.emb_text) for SVC_Handler
    startup_stm32f10x_hd.o(RESET) refers to stm32f10x_it.o(.text) for DebugMon_Handler
    startup_stm32f10x_hd.o(RESET) refers to port.o(.text) for SysTick_Handler
    startup_stm32f10x_hd.o(RESET) refers to hdl_wwdg.o(.text) for WWDG_IRQHandler
    startup_stm32f10x_hd.o(RESET) refers to hdl_uart.o(.text) for USART1_IRQHandler
    startup_stm32f10x_hd.o(.text) refers to system_stm32f10x.o(.text) for SystemInit
    startup_stm32f10x_hd.o(.text) refers to entry.o(.ARM.Collect$$$$00000000) for __main
    system_stm32f10x.o(.text) refers to system_stm32f10x.o(.data) for SystemCoreClock
    stm32f10x_adc.o(.text) refers to stm32f10x_rcc.o(.text) for RCC_APB2PeriphResetCmd
    stm32f10x_bkp.o(.text) refers to stm32f10x_rcc.o(.text) for RCC_BackupResetCmd
    stm32f10x_can.o(.text) refers to stm32f10x_rcc.o(.text) for RCC_APB1PeriphResetCmd
    stm32f10x_cec.o(.text) refers to stm32f10x_rcc.o(.text) for RCC_APB1PeriphResetCmd
    stm32f10x_dac.o(.text) refers to stm32f10x_rcc.o(.text) for RCC_APB1PeriphResetCmd
    stm32f10x_gpio.o(.text) refers to stm32f10x_rcc.o(.text) for RCC_APB2PeriphResetCmd
    stm32f10x_i2c.o(.text) refers to stm32f10x_rcc.o(.text) for RCC_APB1PeriphResetCmd
    stm32f10x_pwr.o(.text) refers to stm32f10x_rcc.o(.text) for RCC_APB1PeriphResetCmd
    stm32f10x_rcc.o(.text) refers to stm32f10x_rcc.o(.data) for APBAHBPrescTable
    stm32f10x_spi.o(.text) refers to stm32f10x_rcc.o(.text) for RCC_APB2PeriphResetCmd
    stm32f10x_tim.o(.text) refers to stm32f10x_rcc.o(.text) for RCC_APB2PeriphResetCmd
    stm32f10x_usart.o(.text) refers to stm32f10x_rcc.o(.text) for RCC_APB2PeriphResetCmd
    stm32f10x_wwdg.o(.text) refers to stm32f10x_rcc.o(.text) for RCC_APB1PeriphResetCmd
    main.o(.text) refers to system_stm32f10x.o(.text) for SystemInit
    main.o(.text) refers to misc.o(.text) for NVIC_PriorityGroupConfig
    main.o(.text) refers to led.o(.text) for init_led
    main.o(.text) refers to tasks.o(.text) for vTaskStartScheduler
    port.o(.emb_text) refers to tasks.o(.text) for vTaskSwitchContext
    port.o(.emb_text) refers to tasks.o(.data) for pxCurrentTCB
    port.o(.text) refers to port.o(.emb_text) for __asm___6_port_c_39a90d8d__prvStartFirstTask
    port.o(.text) refers to tasks.o(.text) for xTaskIncrementTick
    port.o(.text) refers to port.o(.data) for uxCriticalNesting
    tasks.o(.text) refers to list.o(.text) for vListInitialise
    tasks.o(.text) refers to port.o(.text) for vPortEnterCritical
    tasks.o(.text) refers to heap_4.o(.text) for pvPortMalloc
    tasks.o(.text) refers to tasks.o(.bss) for pxReadyTasksLists
    tasks.o(.text) refers to tasks.o(.data) for pxDelayedTaskList
    heap_4.o(.text) refers to tasks.o(.text) for vTaskSuspendAll
    heap_4.o(.text) refers to heap_4.o(.data) for xStart
    heap_4.o(.text) refers to heap_4.o(.bss) for ucHeap
    event_groups.o(.text) refers to heap_4.o(.text) for pvPortMalloc
    event_groups.o(.text) refers to list.o(.text) for vListInitialise
    event_groups.o(.text) refers to tasks.o(.text) for vTaskSuspendAll
    event_groups.o(.text) refers to port.o(.text) for vPortEnterCritical
    queue.o(.text) refers to port.o(.text) for vPortEnterCritical
    queue.o(.text) refers to tasks.o(.text) for xTaskRemoveFromEventList
    queue.o(.text) refers to list.o(.text) for vListInitialise
    queue.o(.text) refers to heap_4.o(.text) for pvPortMalloc
    queue.o(.text) refers to memcpya.o(.text) for __aeabi_memcpy
    queue.o(.text) refers to queue.o(.bss) for xQueueRegistry
    gpio.o(.text) refers to stm32f10x_rcc.o(.text) for RCC_APB2PeriphClockCmd
    gpio.o(.text) refers to stm32f10x_gpio.o(.text) for GPIO_Init
    power_ctl.o(.text) refers to stm32f10x_gpio.o(.text) for GPIO_SetBits
    power_ctl.o(.text) refers to gpio.o(.text) for init_power_gpio
    power_ctl.o(.text) refers to tasks.o(.text) for vTaskDelay
    led.o(.text) refers to stm32f10x_gpio.o(.text) for GPIO_SetBits
    led.o(.text) refers to gpio.o(.text) for init_led_gpio
    led.o(.text) refers to tasks.o(.text) for vTaskDelay
    hdl_rcc.o(.text) refers to stm32f10x_rcc.o(.text) for RCC_APB2PeriphClockCmd
    hdl_gpio.o(.text) refers to stm32f10x_gpio.o(.text) for GPIO_Init
    hdl_uart.o(.text) refers to stm32f10x_usart.o(.text) for USART_GetFlagStatus
    hdl_uart.o(.text) refers to misc.o(.text) for NVIC_Init
    hdl_uart.o(.text) refers to hdl_rcc.o(.text) for hdl_set_rcc
    hdl_uart.o(.text) refers to hdl_gpio.o(.text) for hdl_output_gpio
    hdl_uart.o(.text) refers to malloc.o(i.malloc) for malloc
    hdl_uart.o(.text) refers to memseta.o(.text) for __aeabi_memclr
    hdl_uart.o(.text) refers to hdl_uart.o(.bss) for usart1_t
    hdl_uart.o(.text) refers to hdl_uart.o(.data) for usart1_data
    hdl_iwdg.o(.text) refers to stm32f10x_rcc.o(.text) for RCC_GetFlagStatus
    hdl_iwdg.o(.text) refers to stm32f10x_iwdg.o(.text) for IWDG_WriteAccessCmd
    hdl_wwdg.o(.text) refers to misc.o(.text) for NVIC_Init
    hdl_wwdg.o(.text) refers to stm32f10x_rcc.o(.text) for RCC_GetFlagStatus
    hdl_wwdg.o(.text) refers to hdl_rcc.o(.text) for hdl_set_rcc
    hdl_wwdg.o(.text) refers to stm32f10x_wwdg.o(.text) for WWDG_SetPrescaler
    hdl_spi.o(.text) refers to hdl_rcc.o(.text) for hdl_set_rcc
    hdl_spi.o(.text) refers to hdl_gpio.o(.text) for hdl_output_gpio
    hdl_spi.o(.text) refers to stm32f10x_spi.o(.text) for SPI_Init
    hdl_adc.o(.text) refers to stm32f10x_adc.o(.text) for ADC_DeInit
    hdl_adc.o(.text) refers to stm32f10x_dma.o(.text) for DMA_DeInit
    hdl_adc.o(.text) refers to hdl_rcc.o(.text) for hdl_set_rcc
    hdl_adc.o(.text) refers to hdl_gpio.o(.text) for hdl_input_gpio
    hdl_exti.o(.text) refers to misc.o(.text) for NVIC_Init
    hdl_exti.o(.text) refers to stm32f10x_gpio.o(.text) for GPIO_EXTILineConfig
    hdl_exti.o(.text) refers to stm32f10x_exti.o(.text) for EXTI_Init
    hdl_exti.o(.text) refers to hdl_rcc.o(.text) for hdl_set_rcc
    hdl_exti.o(.text) refers to hdl_gpio.o(.text) for hdl_input_gpio
    m_key.o(.text) refers to hdl_gpio.o(.text) for hdl_input_gpio
    m_key.o(.text) refers to stm32f10x_gpio.o(.text) for GPIO_SetBits
    m_key.o(.text) refers to m_key.o(.data) for key_action_index
    entry.o(.ARM.Collect$$$$00000000) refers (Special) to entry10a.o(.ARM.Collect$$$$0000000D) for __rt_final_cpp
    entry.o(.ARM.Collect$$$$00000000) refers (Special) to entry11a.o(.ARM.Collect$$$$0000000F) for __rt_final_exit
    entry.o(.ARM.Collect$$$$00000000) refers (Special) to entry7b.o(.ARM.Collect$$$$00000008) for _main_clock
    entry.o(.ARM.Collect$$$$00000000) refers (Special) to entry8b.o(.ARM.Collect$$$$0000000A) for _main_cpp_init
    entry.o(.ARM.Collect$$$$00000000) refers (Special) to entry9a.o(.ARM.Collect$$$$0000000B) for _main_init
    entry.o(.ARM.Collect$$$$00000000) refers (Special) to entry5.o(.ARM.Collect$$$$00000004) for _main_scatterload
    entry.o(.ARM.Collect$$$$00000000) refers (Special) to entry2.o(.ARM.Collect$$$$00000001) for _main_stk
    malloc.o(i.free) refers to mvars.o(.data) for __microlib_freelist
    malloc.o(i.malloc) refers to mvars.o(.data) for __microlib_freelist_initialised
    malloc.o(i.malloc) refers to mvars.o(.data) for __microlib_freelist
    malloc.o(i.malloc) refers to startup_stm32f10x_hd.o(HEAP) for __heap_base
    mallocr.o(i.__free$realloc) refers to mvars.o(.data) for __microlib_freelist
    mallocr.o(i.__malloc$realloc) refers to mallocr.o(i.internal_alloc) for internal_alloc
    mallocr.o(i.__malloc$realloc) refers to mvars.o(.data) for __microlib_freelist_initialised
    mallocr.o(i.__malloc$realloc) refers to startup_stm32f10x_hd.o(HEAP) for __heap_base
    mallocr.o(i.__malloc$realloc) refers to mvars.o(.data) for __microlib_freelist
    mallocr.o(i.internal_alloc) refers to memcpya.o(.text) for __aeabi_memcpy
    mallocr.o(i.internal_alloc) refers to mvars.o(.data) for __microlib_freelist
    mallocr.o(i.realloc) refers to mallocr.o(i.__free$realloc) for __free$realloc
    mallocr.o(i.realloc) refers to mallocr.o(i.internal_alloc) for internal_alloc
    mallocr.o(i.realloc) refers to mallocr.o(i.__malloc$realloc) for __malloc$realloc
    mallocr.o(i.realloc) refers to mvars.o(.data) for __microlib_freelist
    malloca.o(i.__aligned_malloc) refers to mvars.o(.data) for __microlib_freelist_initialised
    malloca.o(i.__aligned_malloc) refers to mvars.o(.data) for __microlib_freelist
    malloca.o(i.__aligned_malloc) refers to startup_stm32f10x_hd.o(HEAP) for __heap_base
    malloca.o(i.__free$memalign) refers to mvars.o(.data) for __microlib_freelist
    malloca.o(i.__malloc$memalign) refers to malloca.o(i.__aligned_malloc) for __aligned_malloc
    mallocra.o(i.__aligned_malloc$realloc) refers to mallocra.o(i.internal_alloc) for internal_alloc
    mallocra.o(i.__aligned_malloc$realloc) refers to mvars.o(.data) for __microlib_freelist_initialised
    mallocra.o(i.__aligned_malloc$realloc) refers to startup_stm32f10x_hd.o(HEAP) for __heap_base
    mallocra.o(i.__aligned_malloc$realloc) refers to mvars.o(.data) for __microlib_freelist
    mallocra.o(i.__free$realloc$memalign) refers to mvars.o(.data) for __microlib_freelist
    mallocra.o(i.__malloc$realloc$memalign) refers to mallocra.o(i.__aligned_malloc$realloc) for __aligned_malloc$realloc
    mallocra.o(i.__realloc$memalign) refers to mallocra.o(i.__free$realloc$memalign) for __free$realloc$memalign
    mallocra.o(i.__realloc$memalign) refers to mallocra.o(i.internal_alloc) for internal_alloc
    mallocra.o(i.__realloc$memalign) refers to mallocra.o(i.__malloc$realloc$memalign) for __malloc$realloc$memalign
    mallocra.o(i.__realloc$memalign) refers to mvars.o(.data) for __microlib_freelist
    mallocra.o(i.internal_alloc) refers to memcpya.o(.text) for __aeabi_memcpy
    mallocra.o(i.internal_alloc) refers to mvars.o(.data) for __microlib_freelist
    entry2.o(.ARM.Collect$$$$00000001) refers to entry2.o(.ARM.Collect$$$$00002712) for __lit__00000000
    entry2.o(.ARM.Collect$$$$00002712) refers to startup_stm32f10x_hd.o(STACK) for __initial_sp
    entry2.o(__vectab_stack_and_reset_area) refers to startup_stm32f10x_hd.o(STACK) for __initial_sp
    entry2.o(__vectab_stack_and_reset_area) refers to entry.o(.ARM.Collect$$$$00000000) for __main
    entry5.o(.ARM.Collect$$$$00000004) refers to init.o(.text) for __scatterload
    entry9a.o(.ARM.Collect$$$$0000000B) refers to main.o(.text) for main
    entry9b.o(.ARM.Collect$$$$0000000C) refers to main.o(.text) for main
    init.o(.text) refers to entry5.o(.ARM.Collect$$$$00000004) for __main_after_scatterload


==============================================================================

Removing Unused input sections from the image.

    Removing core_cm3.o(.emb_text), (32 bytes).
    Removing stm32f10x_adc.o(.text), (1102 bytes).
    Removing stm32f10x_bkp.o(.text), (196 bytes).
    Removing stm32f10x_can.o(.text), (2544 bytes).
    Removing stm32f10x_cec.o(.text), (288 bytes).
    Removing stm32f10x_crc.o(.text), (72 bytes).
    Removing stm32f10x_dac.o(.text), (396 bytes).
    Removing stm32f10x_dbgmcu.o(.text), (48 bytes).
    Removing stm32f10x_dma.o(.text), (596 bytes).
    Removing stm32f10x_exti.o(.text), (284 bytes).
    Removing stm32f10x_flash.o(.text), (1468 bytes).
    Removing stm32f10x_fsmc.o(.text), (1548 bytes).
    Removing stm32f10x_i2c.o(.text), (1028 bytes).
    Removing stm32f10x_iwdg.o(.text), (64 bytes).
    Removing stm32f10x_pwr.o(.text), (204 bytes).
    Removing stm32f10x_rtc.o(.text), (328 bytes).
    Removing stm32f10x_sdio.o(.text), (468 bytes).
    Removing stm32f10x_spi.o(.text), (780 bytes).
    Removing stm32f10x_tim.o(.text), (3610 bytes).
    Removing main.o(.bss), (16 bytes).
    Removing event_groups.o(.text), (1036 bytes).
    Removing queue.o(.text), (2696 bytes).
    Removing queue.o(.bss), (64 bytes).
    Removing power_ctl.o(.text), (120 bytes).
    Removing hdl_i2c.o(.text), (698 bytes).
    Removing hdl_iwdg.o(.text), (54 bytes).
    Removing hdl_spi.o(.text), (196 bytes).
    Removing hdl_adc.o(.text), (324 bytes).
    Removing hdl_exti.o(.text), (138 bytes).
    Removing m_key.o(.text), (360 bytes).
    Removing m_key.o(.data), (2 bytes).
    Removing m_util.o(.text), (28 bytes).
    Removing m_menu.o(.text), (70 bytes).

33 unused section(s) (total 20858 bytes) removed from the image.

==============================================================================

Image Symbol Table

    Local Symbols

    Symbol Name                              Value     Ov Type        Size  Object(Section)

    ../clib/microlib/init/entry.s            0x00000000   Number         0  entry9b.o ABSOLUTE
    ../clib/microlib/init/entry.s            0x00000000   Number         0  entry10a.o ABSOLUTE
    ../clib/microlib/init/entry.s            0x00000000   Number         0  entry10b.o ABSOLUTE
    ../clib/microlib/init/entry.s            0x00000000   Number         0  entry11a.o ABSOLUTE
    ../clib/microlib/init/entry.s            0x00000000   Number         0  entry7a.o ABSOLUTE
    ../clib/microlib/init/entry.s            0x00000000   Number         0  entry11b.o ABSOLUTE
    ../clib/microlib/init/entry.s            0x00000000   Number         0  entry5.o ABSOLUTE
    ../clib/microlib/init/entry.s            0x00000000   Number         0  entry2.o ABSOLUTE
    ../clib/microlib/init/entry.s            0x00000000   Number         0  entry.o ABSOLUTE
    ../clib/microlib/init/entry.s            0x00000000   Number         0  entry7b.o ABSOLUTE
    ../clib/microlib/init/entry.s            0x00000000   Number         0  entry8a.o ABSOLUTE
    ../clib/microlib/init/entry.s            0x00000000   Number         0  entry8b.o ABSOLUTE
    ../clib/microlib/init/entry.s            0x00000000   Number         0  entry9a.o ABSOLUTE
    ../clib/microlib/malloc/malloc.c         0x00000000   Number         0  mallocra.o ABSOLUTE
    ../clib/microlib/malloc/malloc.c         0x00000000   Number         0  malloca.o ABSOLUTE
    ../clib/microlib/malloc/malloc.c         0x00000000   Number         0  mallocr.o ABSOLUTE
    ../clib/microlib/malloc/malloc.c         0x00000000   Number         0  malloc.o ABSOLUTE
    ../clib/microlib/malloc/mvars.c          0x00000000   Number         0  mvars.o ABSOLUTE
    ../clib/microlib/string/memcpy.c         0x00000000   Number         0  memcpyb.o ABSOLUTE
    ../clib/microlib/string/memcpy.c         0x00000000   Number         0  memcpya.o ABSOLUTE
    ../clib/microlib/string/memset.c         0x00000000   Number         0  memseta.o ABSOLUTE
    ..\App\led.c                             0x00000000   Number         0  led.o ABSOLUTE
    ..\App\power_ctl.c                       0x00000000   Number         0  power_ctl.o ABSOLUTE
    ..\Driver\gpio.c                         0x00000000   Number         0  gpio.o ABSOLUTE
    ..\FreeRTOS\croutine.c                   0x00000000   Number         0  croutine.o ABSOLUTE
    ..\FreeRTOS\event_groups.c               0x00000000   Number         0  event_groups.o ABSOLUTE
    ..\FreeRTOS\heap_4.c                     0x00000000   Number         0  heap_4.o ABSOLUTE
    ..\FreeRTOS\list.c                       0x00000000   Number         0  list.o ABSOLUTE
    ..\FreeRTOS\port.c                       0x00000000   Number         0  port.o ABSOLUTE
    ..\FreeRTOS\queue.c                      0x00000000   Number         0  queue.o ABSOLUTE
    ..\FreeRTOS\tasks.c                      0x00000000   Number         0  tasks.o ABSOLUTE
    ..\FreeRTOS\timers.c                     0x00000000   Number         0  timers.o ABSOLUTE
    ..\HDL\hdl.c                             0x00000000   Number         0  hdl.o ABSOLUTE
    ..\HDL\hdl_adc.c                         0x00000000   Number         0  hdl_adc.o ABSOLUTE
    ..\HDL\hdl_exti.c                        0x00000000   Number         0  hdl_exti.o ABSOLUTE
    ..\HDL\hdl_flash.c                       0x00000000   Number         0  hdl_flash.o ABSOLUTE
    ..\HDL\hdl_gpio.c                        0x00000000   Number         0  hdl_gpio.o ABSOLUTE
    ..\HDL\hdl_i2c.c                         0x00000000   Number         0  hdl_i2c.o ABSOLUTE
    ..\HDL\hdl_iwdg.c                        0x00000000   Number         0  hdl_iwdg.o ABSOLUTE
    ..\HDL\hdl_rcc.c                         0x00000000   Number         0  hdl_rcc.o ABSOLUTE
    ..\HDL\hdl_spi.c                         0x00000000   Number         0  hdl_spi.o ABSOLUTE
    ..\HDL\hdl_uart.c                        0x00000000   Number         0  hdl_uart.o ABSOLUTE
    ..\HDL\hdl_wwdg.c                        0x00000000   Number         0  hdl_wwdg.o ABSOLUTE
    ..\Libraries\CMSIS\core_cm3.c            0x00000000   Number         0  core_cm3.o ABSOLUTE
    ..\Libraries\CMSIS\startup\startup_stm32f10x_hd.s 0x00000000   Number         0  startup_stm32f10x_hd.o ABSOLUTE
    ..\Libraries\CMSIS\system_stm32f10x.c    0x00000000   Number         0  system_stm32f10x.o ABSOLUTE
    ..\Libraries\FWLib\src\misc.c            0x00000000   Number         0  misc.o ABSOLUTE
    ..\Libraries\FWLib\src\stm32f10x_adc.c   0x00000000   Number         0  stm32f10x_adc.o ABSOLUTE
    ..\Libraries\FWLib\src\stm32f10x_bkp.c   0x00000000   Number         0  stm32f10x_bkp.o ABSOLUTE
    ..\Libraries\FWLib\src\stm32f10x_can.c   0x00000000   Number         0  stm32f10x_can.o ABSOLUTE
    ..\Libraries\FWLib\src\stm32f10x_cec.c   0x00000000   Number         0  stm32f10x_cec.o ABSOLUTE
    ..\Libraries\FWLib\src\stm32f10x_crc.c   0x00000000   Number         0  stm32f10x_crc.o ABSOLUTE
    ..\Libraries\FWLib\src\stm32f10x_dac.c   0x00000000   Number         0  stm32f10x_dac.o ABSOLUTE
    ..\Libraries\FWLib\src\stm32f10x_dbgmcu.c 0x00000000   Number         0  stm32f10x_dbgmcu.o ABSOLUTE
    ..\Libraries\FWLib\src\stm32f10x_dma.c   0x00000000   Number         0  stm32f10x_dma.o ABSOLUTE
    ..\Libraries\FWLib\src\stm32f10x_exti.c  0x00000000   Number         0  stm32f10x_exti.o ABSOLUTE
    ..\Libraries\FWLib\src\stm32f10x_flash.c 0x00000000   Number         0  stm32f10x_flash.o ABSOLUTE
    ..\Libraries\FWLib\src\stm32f10x_fsmc.c  0x00000000   Number         0  stm32f10x_fsmc.o ABSOLUTE
    ..\Libraries\FWLib\src\stm32f10x_gpio.c  0x00000000   Number         0  stm32f10x_gpio.o ABSOLUTE
    ..\Libraries\FWLib\src\stm32f10x_i2c.c   0x00000000   Number         0  stm32f10x_i2c.o ABSOLUTE
    ..\Libraries\FWLib\src\stm32f10x_iwdg.c  0x00000000   Number         0  stm32f10x_iwdg.o ABSOLUTE
    ..\Libraries\FWLib\src\stm32f10x_pwr.c   0x00000000   Number         0  stm32f10x_pwr.o ABSOLUTE
    ..\Libraries\FWLib\src\stm32f10x_rcc.c   0x00000000   Number         0  stm32f10x_rcc.o ABSOLUTE
    ..\Libraries\FWLib\src\stm32f10x_rtc.c   0x00000000   Number         0  stm32f10x_rtc.o ABSOLUTE
    ..\Libraries\FWLib\src\stm32f10x_sdio.c  0x00000000   Number         0  stm32f10x_sdio.o ABSOLUTE
    ..\Libraries\FWLib\src\stm32f10x_spi.c   0x00000000   Number         0  stm32f10x_spi.o ABSOLUTE
    ..\Libraries\FWLib\src\stm32f10x_tim.c   0x00000000   Number         0  stm32f10x_tim.o ABSOLUTE
    ..\Libraries\FWLib\src\stm32f10x_usart.c 0x00000000   Number         0  stm32f10x_usart.o ABSOLUTE
    ..\Libraries\FWLib\src\stm32f10x_wwdg.c  0x00000000   Number         0  stm32f10x_wwdg.o ABSOLUTE
    ..\Module\m_key.c                        0x00000000   Number         0  m_key.o ABSOLUTE
    ..\Module\m_menu.c                       0x00000000   Number         0  m_menu.o ABSOLUTE
    ..\Module\m_util.c                       0x00000000   Number         0  m_util.o ABSOLUTE
    ..\User\main.c                           0x00000000   Number         0  main.o ABSOLUTE
    ..\User\stm32_eval.c                     0x00000000   Number         0  stm32_eval.o ABSOLUTE
    ..\User\stm32f10x_it.c                   0x00000000   Number         0  stm32f10x_it.o ABSOLUTE
    ..\\FreeRTOS\\port.c                     0x00000000   Number         0  port.o ABSOLUTE
    ..\\Libraries\\CMSIS\\core_cm3.c         0x00000000   Number         0  core_cm3.o ABSOLUTE
    dc.s                                     0x00000000   Number         0  dc.o ABSOLUTE
    handlers.s                               0x00000000   Number         0  handlers.o ABSOLUTE
    init.s                                   0x00000000   Number         0  init.o ABSOLUTE
    RESET                                    0x08000000   Section      304  startup_stm32f10x_hd.o(RESET)
    .ARM.Collect$$$$00000000                 0x08000130   Section        0  entry.o(.ARM.Collect$$$$00000000)
    .ARM.Collect$$$$00000001                 0x08000130   Section        4  entry2.o(.ARM.Collect$$$$00000001)
    .ARM.Collect$$$$00000004                 0x08000134   Section        4  entry5.o(.ARM.Collect$$$$00000004)
    .ARM.Collect$$$$00000008                 0x08000138   Section        0  entry7b.o(.ARM.Collect$$$$00000008)
    .ARM.Collect$$$$0000000A                 0x08000138   Section        0  entry8b.o(.ARM.Collect$$$$0000000A)
    .ARM.Collect$$$$0000000B                 0x08000138   Section        8  entry9a.o(.ARM.Collect$$$$0000000B)
    .ARM.Collect$$$$0000000D                 0x08000140   Section        0  entry10a.o(.ARM.Collect$$$$0000000D)
    .ARM.Collect$$$$0000000F                 0x08000140   Section        0  entry11a.o(.ARM.Collect$$$$0000000F)
    .ARM.Collect$$$$00002712                 0x08000140   Section        4  entry2.o(.ARM.Collect$$$$00002712)
    __lit__00000000                          0x08000140   Data           4  entry2.o(.ARM.Collect$$$$00002712)
    .emb_text                                0x08000144   Section      150  port.o(.emb_text)
    .text                                    0x080001dc   Section       36  startup_stm32f10x_hd.o(.text)
    .text                                    0x08000200   Section        0  system_stm32f10x.o(.text)
    SetSysClockTo72                          0x08000201   Thumb Code   214  system_stm32f10x.o(.text)
    SetSysClock                              0x080002d7   Thumb Code     8  system_stm32f10x.o(.text)
    .text                                    0x080003e0   Section        0  misc.o(.text)
    .text                                    0x080004bc   Section        0  stm32f10x_gpio.o(.text)
    .text                                    0x08000818   Section        0  stm32f10x_rcc.o(.text)
    .text                                    0x08000bbc   Section        0  stm32f10x_usart.o(.text)
    .text                                    0x08000fc4   Section        0  stm32f10x_wwdg.o(.text)
    .text                                    0x0800104c   Section        0  main.o(.text)
    .text                                    0x08001068   Section        0  stm32f10x_it.o(.text)
    .text                                    0x0800106a   Section        0  list.o(.text)
    .text                                    0x08001100   Section        0  port.o(.text)
    prvTaskExitError                         0x08001101   Thumb Code    60  port.o(.text)
    .text                                    0x0800135c   Section        0  tasks.o(.text)
    prvInitialiseTaskLists                   0x0800135d   Thumb Code    70  tasks.o(.text)
    prvAddNewTaskToReadyList                 0x080013a3   Thumb Code   150  tasks.o(.text)
    prvInitialiseNewTask                     0x08001439   Thumb Code   170  tasks.o(.text)
    prvResetNextTaskUnblockTime              0x08001543   Thumb Code    42  tasks.o(.text)
    prvDeleteTCB                             0x0800156d   Thumb Code    18  tasks.o(.text)
    prvAddCurrentTaskToDelayedList           0x0800188f   Thumb Code   124  tasks.o(.text)
    prvTaskIsTaskSuspended                   0x08001d03   Thumb Code    80  tasks.o(.text)
    prvCheckTasksWaitingTermination          0x08001e71   Thumb Code    86  tasks.o(.text)
    prvIdleTask                              0x08001ec7   Thumb Code     8  tasks.o(.text)
    .text                                    0x08002850   Section        0  heap_4.o(.text)
    prvInsertBlockIntoFreeList               0x08002851   Thumb Code    96  heap_4.o(.text)
    prvHeapInit                              0x080028b1   Thumb Code    98  heap_4.o(.text)
    .text                                    0x08002aec   Section        0  gpio.o(.text)
    .text                                    0x08002b44   Section        0  led.o(.text)
    .text                                    0x08002bbc   Section        0  hdl_rcc.o(.text)
    .text                                    0x08002cc6   Section        0  hdl_gpio.o(.text)
    hdl_set_gpio                             0x08002cc7   Thumb Code    32  hdl_gpio.o(.text)
    .text                                    0x08002d10   Section        0  hdl_uart.o(.text)
    usart_send                               0x08002d11   Thumb Code    30  hdl_uart.o(.text)
    usart_read_to_data_t                     0x08002d2f   Thumb Code   108  hdl_uart.o(.text)
    com_to_usart_t                           0x08002d9b   Thumb Code    44  hdl_uart.o(.text)
    init_usart_nvic                          0x08002de1   Thumb Code   154  hdl_uart.o(.text)
    init_usart_hard                          0x08002e7b   Thumb Code   590  hdl_uart.o(.text)
    init_usart_var                           0x080030c9   Thumb Code   450  hdl_uart.o(.text)
    com_to_usart                             0x0800329b   Thumb Code    44  hdl_uart.o(.text)
    usart_receive                            0x0800332b   Thumb Code   122  hdl_uart.o(.text)
    .text                                    0x08003428   Section        0  hdl_wwdg.o(.text)
    init_wwdg_nvic                           0x08003429   Thumb Code    34  hdl_wwdg.o(.text)
    .text                                    0x0800349c   Section        0  memseta.o(.text)
    .text                                    0x080034c0   Section       36  init.o(.text)
    i.__scatterload_copy                     0x080034e4   Section       14  handlers.o(i.__scatterload_copy)
    i.__scatterload_null                     0x080034f2   Section        2  handlers.o(i.__scatterload_null)
    i.__scatterload_zeroinit                 0x080034f4   Section       14  handlers.o(i.__scatterload_zeroinit)
    i.malloc                                 0x08003504   Section        0  malloc.o(i.malloc)
    .data                                    0x20000000   Section       20  system_stm32f10x.o(.data)
    .data                                    0x20000014   Section       20  stm32f10x_rcc.o(.data)
    APBAHBPrescTable                         0x20000014   Data          16  stm32f10x_rcc.o(.data)
    ADCPrescTable                            0x20000024   Data           4  stm32f10x_rcc.o(.data)
    .data                                    0x20000028   Section       12  port.o(.data)
    uxCriticalNesting                        0x20000028   Data           4  port.o(.data)
    ucMaxSysCallPriority                     0x2000002c   Data           1  port.o(.data)
    ulMaxPRIGROUPValue                       0x20000030   Data           4  port.o(.data)
    .data                                    0x20000034   Section       60  tasks.o(.data)
    pxDelayedTaskList                        0x20000038   Data           4  tasks.o(.data)
    pxOverflowDelayedTaskList                0x2000003c   Data           4  tasks.o(.data)
    uxDeletedTasksWaitingCleanUp             0x20000040   Data           4  tasks.o(.data)
    uxCurrentNumberOfTasks                   0x20000044   Data           4  tasks.o(.data)
    xTickCount                               0x20000048   Data           4  tasks.o(.data)
    uxTopReadyPriority                       0x2000004c   Data           4  tasks.o(.data)
    xSchedulerRunning                        0x20000050   Data           4  tasks.o(.data)
    uxPendedTicks                            0x20000054   Data           4  tasks.o(.data)
    xYieldPending                            0x20000058   Data           4  tasks.o(.data)
    xNumOfOverflows                          0x2000005c   Data           4  tasks.o(.data)
    uxTaskNumber                             0x20000060   Data           4  tasks.o(.data)
    xNextTaskUnblockTime                     0x20000064   Data           4  tasks.o(.data)
    xIdleTaskHandle                          0x20000068   Data           4  tasks.o(.data)
    uxSchedulerSuspended                     0x2000006c   Data           4  tasks.o(.data)
    .data                                    0x20000070   Section       24  heap_4.o(.data)
    xStart                                   0x20000070   Data           8  heap_4.o(.data)
    pxEnd                                    0x20000078   Data           4  heap_4.o(.data)
    xFreeBytesRemaining                      0x2000007c   Data           4  heap_4.o(.data)
    xMinimumEverFreeBytesRemaining           0x20000080   Data           4  heap_4.o(.data)
    xBlockAllocatedBit                       0x20000084   Data           4  heap_4.o(.data)
    .data                                    0x20000088   Section       40  hdl_uart.o(.data)
    usart1_data                              0x20000088   Data           8  hdl_uart.o(.data)
    usart2_data                              0x20000090   Data           8  hdl_uart.o(.data)
    usart3_data                              0x20000098   Data           8  hdl_uart.o(.data)
    usart4_data                              0x200000a0   Data           8  hdl_uart.o(.data)
    usart5_data                              0x200000a8   Data           8  hdl_uart.o(.data)
    .data                                    0x200000b0   Section        4  mvars.o(.data)
    .data                                    0x200000b4   Section        4  mvars.o(.data)
    .bss                                     0x200000b8   Section      200  tasks.o(.bss)
    pxReadyTasksLists                        0x200000b8   Data         100  tasks.o(.bss)
    xDelayedTaskList1                        0x2000011c   Data          20  tasks.o(.bss)
    xDelayedTaskList2                        0x20000130   Data          20  tasks.o(.bss)
    xPendingReadyList                        0x20000144   Data          20  tasks.o(.bss)
    xTasksWaitingTermination                 0x20000158   Data          20  tasks.o(.bss)
    xSuspendedTaskList                       0x2000016c   Data          20  tasks.o(.bss)
    .bss                                     0x20000180   Section    17408  heap_4.o(.bss)
    ucHeap                                   0x20000180   Data       17408  heap_4.o(.bss)
    .bss                                     0x20004580   Section     5280  hdl_uart.o(.bss)
    usart1_ring_data                         0x20004580   Data         512  hdl_uart.o(.bss)
    usart1_recv_data                         0x20004780   Data         512  hdl_uart.o(.bss)
    usart1_ring_buf                          0x20004980   Data          16  hdl_uart.o(.bss)
    usart1_t                                 0x20004990   Data          16  hdl_uart.o(.bss)
    usart2_ring_data                         0x200049a0   Data         512  hdl_uart.o(.bss)
    usart2_recv_data                         0x20004ba0   Data         512  hdl_uart.o(.bss)
    usart2_ring_buf                          0x20004da0   Data          16  hdl_uart.o(.bss)
    usart2_t                                 0x20004db0   Data          16  hdl_uart.o(.bss)
    usart3_ring_data                         0x20004dc0   Data         512  hdl_uart.o(.bss)
    usart3_recv_data                         0x20004fc0   Data         512  hdl_uart.o(.bss)
    usart3_ring_buf                          0x200051c0   Data          16  hdl_uart.o(.bss)
    usart3_t                                 0x200051d0   Data          16  hdl_uart.o(.bss)
    usart4_ring_data                         0x200051e0   Data         512  hdl_uart.o(.bss)
    usart4_recv_data                         0x200053e0   Data         512  hdl_uart.o(.bss)
    usart4_ring_buf                          0x200055e0   Data          16  hdl_uart.o(.bss)
    usart4_t                                 0x200055f0   Data          16  hdl_uart.o(.bss)
    usart5_ring_data                         0x20005600   Data         512  hdl_uart.o(.bss)
    usart5_recv_data                         0x20005800   Data         512  hdl_uart.o(.bss)
    usart5_ring_buf                          0x20005a00   Data          16  hdl_uart.o(.bss)
    usart5_t                                 0x20005a10   Data          16  hdl_uart.o(.bss)
    HEAP                                     0x20005a20   Section      512  startup_stm32f10x_hd.o(HEAP)
    STACK                                    0x20005c20   Section     1024  startup_stm32f10x_hd.o(STACK)

    Global Symbols

    Symbol Name                              Value     Ov Type        Size  Object(Section)

    BuildAttributes$$THM_ISAv4$P$D$K$B$S$PE$A:L22UL41UL21$X:L11$S22US41US21$IEEE1$IW$USESV6$~STKCKD$USESV7$~SHL$OSPACE$EBA8$MICROLIB$REQ8$PRES8$EABIv2 0x00000000   Number         0  anon$$obj.o ABSOLUTE
    __ARM_use_no_argv                        0x00000000   Number         0  main.o ABSOLUTE
    __cpp_initialize__aeabi_                  - Undefined Weak Reference
    __cxa_finalize                            - Undefined Weak Reference
    __decompress                              - Undefined Weak Reference
    _clock_init                               - Undefined Weak Reference
    _microlib_exit                            - Undefined Weak Reference
    __Vectors_Size                           0x00000130   Number         0  startup_stm32f10x_hd.o ABSOLUTE
    __Vectors                                0x08000000   Data           4  startup_stm32f10x_hd.o(RESET)
    __Vectors_End                            0x08000130   Data           0  startup_stm32f10x_hd.o(RESET)
    __main                                   0x08000131   Thumb Code     0  entry.o(.ARM.Collect$$$$00000000)
    _main_stk                                0x08000131   Thumb Code     0  entry2.o(.ARM.Collect$$$$00000001)
    _main_scatterload                        0x08000135   Thumb Code     0  entry5.o(.ARM.Collect$$$$00000004)
    __main_after_scatterload                 0x08000139   Thumb Code     0  entry5.o(.ARM.Collect$$$$00000004)
    _main_clock                              0x08000139   Thumb Code     0  entry7b.o(.ARM.Collect$$$$00000008)
    _main_cpp_init                           0x08000139   Thumb Code     0  entry8b.o(.ARM.Collect$$$$0000000A)
    _main_init                               0x08000139   Thumb Code     0  entry9a.o(.ARM.Collect$$$$0000000B)
    __rt_final_cpp                           0x08000141   Thumb Code     0  entry10a.o(.ARM.Collect$$$$0000000D)
    __rt_final_exit                          0x08000141   Thumb Code     0  entry11a.o(.ARM.Collect$$$$0000000F)
    SVC_Handler                              0x08000145   Thumb Code    32  port.o(.emb_text)
    __asm___6_port_c_39a90d8d__prvStartFirstTask 0x08000169   Thumb Code    28  port.o(.emb_text)
    PendSV_Handler                           0x08000189   Thumb Code    72  port.o(.emb_text)
    vPortGetIPSR                             0x080001d5   Thumb Code     6  port.o(.emb_text)
    Reset_Handler                            0x080001dd   Thumb Code     8  startup_stm32f10x_hd.o(.text)
    NMI_Handler                              0x080001e5   Thumb Code     2  startup_stm32f10x_hd.o(.text)
    HardFault_Handler                        0x080001e7   Thumb Code     2  startup_stm32f10x_hd.o(.text)
    MemManage_Handler                        0x080001e9   Thumb Code     2  startup_stm32f10x_hd.o(.text)
    BusFault_Handler                         0x080001eb   Thumb Code     2  startup_stm32f10x_hd.o(.text)
    UsageFault_Handler                       0x080001ed   Thumb Code     2  startup_stm32f10x_hd.o(.text)
    ADC1_2_IRQHandler                        0x080001f7   Thumb Code     0  startup_stm32f10x_hd.o(.text)
    ADC3_IRQHandler                          0x080001f7   Thumb Code     0  startup_stm32f10x_hd.o(.text)
    CAN1_RX1_IRQHandler                      0x080001f7   Thumb Code     0  startup_stm32f10x_hd.o(.text)
    CAN1_SCE_IRQHandler                      0x080001f7   Thumb Code     0  startup_stm32f10x_hd.o(.text)
    DMA1_Channel1_IRQHandler                 0x080001f7   Thumb Code     0  startup_stm32f10x_hd.o(.text)
    DMA1_Channel2_IRQHandler                 0x080001f7   Thumb Code     0  startup_stm32f10x_hd.o(.text)
    DMA1_Channel3_IRQHandler                 0x080001f7   Thumb Code     0  startup_stm32f10x_hd.o(.text)
    DMA1_Channel4_IRQHandler                 0x080001f7   Thumb Code     0  startup_stm32f10x_hd.o(.text)
    DMA1_Channel5_IRQHandler                 0x080001f7   Thumb Code     0  startup_stm32f10x_hd.o(.text)
    DMA1_Channel6_IRQHandler                 0x080001f7   Thumb Code     0  startup_stm32f10x_hd.o(.text)
    DMA1_Channel7_IRQHandler                 0x080001f7   Thumb Code     0  startup_stm32f10x_hd.o(.text)
    DMA2_Channel1_IRQHandler                 0x080001f7   Thumb Code     0  startup_stm32f10x_hd.o(.text)
    DMA2_Channel2_IRQHandler                 0x080001f7   Thumb Code     0  startup_stm32f10x_hd.o(.text)
    DMA2_Channel3_IRQHandler                 0x080001f7   Thumb Code     0  startup_stm32f10x_hd.o(.text)
    DMA2_Channel4_5_IRQHandler               0x080001f7   Thumb Code     0  startup_stm32f10x_hd.o(.text)
    EXTI0_IRQHandler                         0x080001f7   Thumb Code     0  startup_stm32f10x_hd.o(.text)
    EXTI15_10_IRQHandler                     0x080001f7   Thumb Code     0  startup_stm32f10x_hd.o(.text)
    EXTI1_IRQHandler                         0x080001f7   Thumb Code     0  startup_stm32f10x_hd.o(.text)
    EXTI2_IRQHandler                         0x080001f7   Thumb Code     0  startup_stm32f10x_hd.o(.text)
    EXTI3_IRQHandler                         0x080001f7   Thumb Code     0  startup_stm32f10x_hd.o(.text)
    EXTI4_IRQHandler                         0x080001f7   Thumb Code     0  startup_stm32f10x_hd.o(.text)
    EXTI9_5_IRQHandler                       0x080001f7   Thumb Code     0  startup_stm32f10x_hd.o(.text)
    FLASH_IRQHandler                         0x080001f7   Thumb Code     0  startup_stm32f10x_hd.o(.text)
    FSMC_IRQHandler                          0x080001f7   Thumb Code     0  startup_stm32f10x_hd.o(.text)
    I2C1_ER_IRQHandler                       0x080001f7   Thumb Code     0  startup_stm32f10x_hd.o(.text)
    I2C1_EV_IRQHandler                       0x080001f7   Thumb Code     0  startup_stm32f10x_hd.o(.text)
    I2C2_ER_IRQHandler                       0x080001f7   Thumb Code     0  startup_stm32f10x_hd.o(.text)
    I2C2_EV_IRQHandler                       0x080001f7   Thumb Code     0  startup_stm32f10x_hd.o(.text)
    PVD_IRQHandler                           0x080001f7   Thumb Code     0  startup_stm32f10x_hd.o(.text)
    RCC_IRQHandler                           0x080001f7   Thumb Code     0  startup_stm32f10x_hd.o(.text)
    RTCAlarm_IRQHandler                      0x080001f7   Thumb Code     0  startup_stm32f10x_hd.o(.text)
    RTC_IRQHandler                           0x080001f7   Thumb Code     0  startup_stm32f10x_hd.o(.text)
    SDIO_IRQHandler                          0x080001f7   Thumb Code     0  startup_stm32f10x_hd.o(.text)
    SPI1_IRQHandler                          0x080001f7   Thumb Code     0  startup_stm32f10x_hd.o(.text)
    SPI2_IRQHandler                          0x080001f7   Thumb Code     0  startup_stm32f10x_hd.o(.text)
    SPI3_IRQHandler                          0x080001f7   Thumb Code     0  startup_stm32f10x_hd.o(.text)
    TAMPER_IRQHandler                        0x080001f7   Thumb Code     0  startup_stm32f10x_hd.o(.text)
    TIM1_BRK_IRQHandler                      0x080001f7   Thumb Code     0  startup_stm32f10x_hd.o(.text)
    TIM1_CC_IRQHandler                       0x080001f7   Thumb Code     0  startup_stm32f10x_hd.o(.text)
    TIM1_TRG_COM_IRQHandler                  0x080001f7   Thumb Code     0  startup_stm32f10x_hd.o(.text)
    TIM1_UP_IRQHandler                       0x080001f7   Thumb Code     0  startup_stm32f10x_hd.o(.text)
    TIM2_IRQHandler                          0x080001f7   Thumb Code     0  startup_stm32f10x_hd.o(.text)
    TIM3_IRQHandler                          0x080001f7   Thumb Code     0  startup_stm32f10x_hd.o(.text)
    TIM4_IRQHandler                          0x080001f7   Thumb Code     0  startup_stm32f10x_hd.o(.text)
    TIM5_IRQHandler                          0x080001f7   Thumb Code     0  startup_stm32f10x_hd.o(.text)
    TIM6_IRQHandler                          0x080001f7   Thumb Code     0  startup_stm32f10x_hd.o(.text)
    TIM7_IRQHandler                          0x080001f7   Thumb Code     0  startup_stm32f10x_hd.o(.text)
    TIM8_BRK_IRQHandler                      0x080001f7   Thumb Code     0  startup_stm32f10x_hd.o(.text)
    TIM8_CC_IRQHandler                       0x080001f7   Thumb Code     0  startup_stm32f10x_hd.o(.text)
    TIM8_TRG_COM_IRQHandler                  0x080001f7   Thumb Code     0  startup_stm32f10x_hd.o(.text)
    TIM8_UP_IRQHandler                       0x080001f7   Thumb Code     0  startup_stm32f10x_hd.o(.text)
    USBWakeUp_IRQHandler                     0x080001f7   Thumb Code     0  startup_stm32f10x_hd.o(.text)
    USB_HP_CAN1_TX_IRQHandler                0x080001f7   Thumb Code     0  startup_stm32f10x_hd.o(.text)
    USB_LP_CAN1_RX0_IRQHandler               0x080001f7   Thumb Code     0  startup_stm32f10x_hd.o(.text)
    SystemInit                               0x080002df   Thumb Code    78  system_stm32f10x.o(.text)
    SystemCoreClockUpdate                    0x0800032d   Thumb Code   142  system_stm32f10x.o(.text)
    NVIC_PriorityGroupConfig                 0x080003e1   Thumb Code    10  misc.o(.text)
    NVIC_Init                                0x080003eb   Thumb Code   100  misc.o(.text)
    NVIC_SetVectorTable                      0x0800044f   Thumb Code    14  misc.o(.text)
    NVIC_SystemLPConfig                      0x0800045d   Thumb Code    34  misc.o(.text)
    SysTick_CLKSourceConfig                  0x0800047f   Thumb Code    40  misc.o(.text)
    GPIO_DeInit                              0x080004bd   Thumb Code   172  stm32f10x_gpio.o(.text)
    GPIO_AFIODeInit                          0x08000569   Thumb Code    20  stm32f10x_gpio.o(.text)
    GPIO_Init                                0x0800057d   Thumb Code   278  stm32f10x_gpio.o(.text)
    GPIO_StructInit                          0x08000693   Thumb Code    16  stm32f10x_gpio.o(.text)
    GPIO_ReadInputDataBit                    0x080006a3   Thumb Code    18  stm32f10x_gpio.o(.text)
    GPIO_ReadInputData                       0x080006b5   Thumb Code     8  stm32f10x_gpio.o(.text)
    GPIO_ReadOutputDataBit                   0x080006bd   Thumb Code    18  stm32f10x_gpio.o(.text)
    GPIO_ReadOutputData                      0x080006cf   Thumb Code     8  stm32f10x_gpio.o(.text)
    GPIO_SetBits                             0x080006d7   Thumb Code     4  stm32f10x_gpio.o(.text)
    GPIO_ResetBits                           0x080006db   Thumb Code     4  stm32f10x_gpio.o(.text)
    GPIO_WriteBit                            0x080006df   Thumb Code    10  stm32f10x_gpio.o(.text)
    GPIO_Write                               0x080006e9   Thumb Code     4  stm32f10x_gpio.o(.text)
    GPIO_PinLockConfig                       0x080006ed   Thumb Code    18  stm32f10x_gpio.o(.text)
    GPIO_EventOutputConfig                   0x080006ff   Thumb Code    26  stm32f10x_gpio.o(.text)
    GPIO_EventOutputCmd                      0x08000719   Thumb Code     6  stm32f10x_gpio.o(.text)
    GPIO_PinRemapConfig                      0x0800071f   Thumb Code   138  stm32f10x_gpio.o(.text)
    GPIO_EXTILineConfig                      0x080007a9   Thumb Code    66  stm32f10x_gpio.o(.text)
    GPIO_ETH_MediaInterfaceConfig            0x080007eb   Thumb Code     8  stm32f10x_gpio.o(.text)
    RCC_DeInit                               0x08000819   Thumb Code    64  stm32f10x_rcc.o(.text)
    RCC_HSEConfig                            0x08000859   Thumb Code    70  stm32f10x_rcc.o(.text)
    RCC_GetFlagStatus                        0x0800089f   Thumb Code    56  stm32f10x_rcc.o(.text)
    RCC_WaitForHSEStartUp                    0x080008d7   Thumb Code    56  stm32f10x_rcc.o(.text)
    RCC_AdjustHSICalibrationValue            0x0800090f   Thumb Code    20  stm32f10x_rcc.o(.text)
    RCC_HSICmd                               0x08000923   Thumb Code     6  stm32f10x_rcc.o(.text)
    RCC_PLLConfig                            0x08000929   Thumb Code    24  stm32f10x_rcc.o(.text)
    RCC_PLLCmd                               0x08000941   Thumb Code     6  stm32f10x_rcc.o(.text)
    RCC_SYSCLKConfig                         0x08000947   Thumb Code    18  stm32f10x_rcc.o(.text)
    RCC_GetSYSCLKSource                      0x08000959   Thumb Code    10  stm32f10x_rcc.o(.text)
    RCC_HCLKConfig                           0x08000963   Thumb Code    18  stm32f10x_rcc.o(.text)
    RCC_PCLK1Config                          0x08000975   Thumb Code    18  stm32f10x_rcc.o(.text)
    RCC_PCLK2Config                          0x08000987   Thumb Code    20  stm32f10x_rcc.o(.text)
    RCC_ITConfig                             0x0800099b   Thumb Code    26  stm32f10x_rcc.o(.text)
    RCC_USBCLKConfig                         0x080009b5   Thumb Code     8  stm32f10x_rcc.o(.text)
    RCC_ADCCLKConfig                         0x080009bd   Thumb Code    18  stm32f10x_rcc.o(.text)
    RCC_LSEConfig                            0x080009cf   Thumb Code    50  stm32f10x_rcc.o(.text)
    RCC_LSICmd                               0x08000a01   Thumb Code     6  stm32f10x_rcc.o(.text)
    RCC_RTCCLKConfig                         0x08000a07   Thumb Code    12  stm32f10x_rcc.o(.text)
    RCC_RTCCLKCmd                            0x08000a13   Thumb Code     8  stm32f10x_rcc.o(.text)
    RCC_GetClocksFreq                        0x08000a1b   Thumb Code   192  stm32f10x_rcc.o(.text)
    RCC_AHBPeriphClockCmd                    0x08000adb   Thumb Code    26  stm32f10x_rcc.o(.text)
    RCC_APB2PeriphClockCmd                   0x08000af5   Thumb Code    26  stm32f10x_rcc.o(.text)
    RCC_APB1PeriphClockCmd                   0x08000b0f   Thumb Code    26  stm32f10x_rcc.o(.text)
    RCC_APB2PeriphResetCmd                   0x08000b29   Thumb Code    26  stm32f10x_rcc.o(.text)
    RCC_APB1PeriphResetCmd                   0x08000b43   Thumb Code    26  stm32f10x_rcc.o(.text)
    RCC_BackupResetCmd                       0x08000b5d   Thumb Code     8  stm32f10x_rcc.o(.text)
    RCC_ClockSecuritySystemCmd               0x08000b65   Thumb Code     6  stm32f10x_rcc.o(.text)
    RCC_MCOConfig                            0x08000b6b   Thumb Code     6  stm32f10x_rcc.o(.text)
    RCC_ClearFlag                            0x08000b71   Thumb Code    14  stm32f10x_rcc.o(.text)
    RCC_GetITStatus                          0x08000b7f   Thumb Code    20  stm32f10x_rcc.o(.text)
    RCC_ClearITPendingBit                    0x08000b93   Thumb Code     6  stm32f10x_rcc.o(.text)
    USART_DeInit                             0x08000bbd   Thumb Code   134  stm32f10x_usart.o(.text)
    USART_Init                               0x08000c43   Thumb Code   210  stm32f10x_usart.o(.text)
    USART_StructInit                         0x08000d15   Thumb Code    24  stm32f10x_usart.o(.text)
    USART_ClockInit                          0x08000d2d   Thumb Code    34  stm32f10x_usart.o(.text)
    USART_ClockStructInit                    0x08000d4f   Thumb Code    12  stm32f10x_usart.o(.text)
    USART_Cmd                                0x08000d5b   Thumb Code    24  stm32f10x_usart.o(.text)
    USART_ITConfig                           0x08000d73   Thumb Code    74  stm32f10x_usart.o(.text)
    USART_DMACmd                             0x08000dbd   Thumb Code    18  stm32f10x_usart.o(.text)
    USART_SetAddress                         0x08000dcf   Thumb Code    18  stm32f10x_usart.o(.text)
    USART_WakeUpConfig                       0x08000de1   Thumb Code    18  stm32f10x_usart.o(.text)
    USART_ReceiverWakeUpCmd                  0x08000df3   Thumb Code    24  stm32f10x_usart.o(.text)
    USART_LINBreakDetectLengthConfig         0x08000e0b   Thumb Code    18  stm32f10x_usart.o(.text)
    USART_LINCmd                             0x08000e1d   Thumb Code    24  stm32f10x_usart.o(.text)
    USART_SendData                           0x08000e35   Thumb Code     8  stm32f10x_usart.o(.text)
    USART_ReceiveData                        0x08000e3d   Thumb Code    10  stm32f10x_usart.o(.text)
    USART_SendBreak                          0x08000e47   Thumb Code    10  stm32f10x_usart.o(.text)
    USART_SetGuardTime                       0x08000e51   Thumb Code    16  stm32f10x_usart.o(.text)
    USART_SetPrescaler                       0x08000e61   Thumb Code    16  stm32f10x_usart.o(.text)
    USART_SmartCardCmd                       0x08000e71   Thumb Code    24  stm32f10x_usart.o(.text)
    USART_SmartCardNACKCmd                   0x08000e89   Thumb Code    24  stm32f10x_usart.o(.text)
    USART_HalfDuplexCmd                      0x08000ea1   Thumb Code    24  stm32f10x_usart.o(.text)
    USART_OverSampling8Cmd                   0x08000eb9   Thumb Code    22  stm32f10x_usart.o(.text)
    USART_OneBitMethodCmd                    0x08000ecf   Thumb Code    24  stm32f10x_usart.o(.text)
    USART_IrDAConfig                         0x08000ee7   Thumb Code    18  stm32f10x_usart.o(.text)
    USART_IrDACmd                            0x08000ef9   Thumb Code    24  stm32f10x_usart.o(.text)
    USART_GetFlagStatus                      0x08000f11   Thumb Code    26  stm32f10x_usart.o(.text)
    USART_ClearFlag                          0x08000f2b   Thumb Code    18  stm32f10x_usart.o(.text)
    USART_GetITStatus                        0x08000f3d   Thumb Code    84  stm32f10x_usart.o(.text)
    USART_ClearITPendingBit                  0x08000f91   Thumb Code    52  stm32f10x_usart.o(.text)
    WWDG_DeInit                              0x08000fc5   Thumb Code    22  stm32f10x_wwdg.o(.text)
    WWDG_SetPrescaler                        0x08000fdb   Thumb Code    18  stm32f10x_wwdg.o(.text)
    WWDG_SetWindowValue                      0x08000fed   Thumb Code    34  stm32f10x_wwdg.o(.text)
    WWDG_EnableIT                            0x0800100f   Thumb Code     8  stm32f10x_wwdg.o(.text)
    WWDG_SetCounter                          0x08001017   Thumb Code    12  stm32f10x_wwdg.o(.text)
    WWDG_Enable                              0x08001023   Thumb Code    12  stm32f10x_wwdg.o(.text)
    WWDG_GetFlagStatus                       0x0800102f   Thumb Code    10  stm32f10x_wwdg.o(.text)
    WWDG_ClearFlag                           0x08001039   Thumb Code    10  stm32f10x_wwdg.o(.text)
    main                                     0x0800104d   Thumb Code    28  main.o(.text)
    DebugMon_Handler                         0x08001069   Thumb Code     2  stm32f10x_it.o(.text)
    vListInitialise                          0x0800106b   Thumb Code    26  list.o(.text)
    vListInitialiseItem                      0x08001085   Thumb Code     6  list.o(.text)
    vListInsertEnd                           0x0800108b   Thumb Code    24  list.o(.text)
    vListInsert                              0x080010a3   Thumb Code    52  list.o(.text)
    uxListRemove                             0x080010d7   Thumb Code    40  list.o(.text)
    pxPortInitialiseStack                    0x0800113d   Thumb Code    30  port.o(.text)
    vPortSetupTimerInterrupt                 0x0800115b   Thumb Code    14  port.o(.text)
    xPortStartScheduler                      0x08001169   Thumb Code   140  port.o(.text)
    vPortEndScheduler                        0x080011f5   Thumb Code    42  port.o(.text)
    vPortEnterCritical                       0x0800121f   Thumb Code    78  port.o(.text)
    vPortExitCritical                        0x0800126d   Thumb Code    56  port.o(.text)
    SysTick_Handler                          0x080012a5   Thumb Code    48  port.o(.text)
    vPortValidateInterruptPriority           0x080012d5   Thumb Code   108  port.o(.text)
    xTaskCreate                              0x080014e3   Thumb Code    96  tasks.o(.text)
    vTaskDelete                              0x0800157f   Thumb Code   202  tasks.o(.text)
    xTaskIncrementTick                       0x08001649   Thumb Code   358  tasks.o(.text)
    xTaskResumeAll                           0x080017af   Thumb Code   224  tasks.o(.text)
    vTaskSuspendAll                          0x0800190b   Thumb Code    12  tasks.o(.text)
    vTaskDelayUntil                          0x08001917   Thumb Code   200  tasks.o(.text)
    vTaskDelay                               0x080019df   Thumb Code    82  tasks.o(.text)
    uxTaskPriorityGet                        0x08001a31   Thumb Code    30  tasks.o(.text)
    uxTaskPriorityGetFromISR                 0x08001a4f   Thumb Code    62  tasks.o(.text)
    vTaskPrioritySet                         0x08001a8d   Thumb Code   316  tasks.o(.text)
    vTaskSwitchContext                       0x08001bc9   Thumb Code   118  tasks.o(.text)
    vTaskSuspend                             0x08001c3f   Thumb Code   196  tasks.o(.text)
    vTaskResume                              0x08001d53   Thumb Code   128  tasks.o(.text)
    xTaskResumeFromISR                       0x08001dd3   Thumb Code   158  tasks.o(.text)
    vTaskStartScheduler                      0x08001ecf   Thumb Code   108  tasks.o(.text)
    vTaskEndScheduler                        0x08001f3b   Thumb Code    32  tasks.o(.text)
    xTaskGetTickCount                        0x08001f5b   Thumb Code     6  tasks.o(.text)
    xTaskGetTickCountFromISR                 0x08001f61   Thumb Code    16  tasks.o(.text)
    uxTaskGetNumberOfTasks                   0x08001f71   Thumb Code     6  tasks.o(.text)
    pcTaskGetName                            0x08001f77   Thumb Code    44  tasks.o(.text)
    vTaskPlaceOnEventList                    0x08001fa3   Thumb Code   126  tasks.o(.text)
    vTaskPlaceOnUnorderedEventList           0x08002021   Thumb Code   100  tasks.o(.text)
    xTaskRemoveFromEventList                 0x08002085   Thumb Code   128  tasks.o(.text)
    xTaskRemoveFromUnorderedEventList        0x08002105   Thumb Code   154  tasks.o(.text)
    vTaskSetTimeOutState                     0x0800219f   Thumb Code    38  tasks.o(.text)
    xTaskCheckForTimeOut                     0x080021c5   Thumb Code   132  tasks.o(.text)
    vTaskMissedYield                         0x08002249   Thumb Code     8  tasks.o(.text)
    xTaskGetCurrentTaskHandle                0x08002251   Thumb Code     6  tasks.o(.text)
    vTaskPriorityInherit                     0x08002257   Thumb Code   164  tasks.o(.text)
    xTaskPriorityDisinherit                  0x080022fb   Thumb Code   188  tasks.o(.text)
    uxTaskResetEventItemValue                0x080023b7   Thumb Code    24  tasks.o(.text)
    pvTaskIncrementMutexHeldCount            0x080023cf   Thumb Code    58  tasks.o(.text)
    ulTaskNotifyTake                         0x08002409   Thumb Code   108  tasks.o(.text)
    xTaskNotifyWait                          0x08002475   Thumb Code   150  tasks.o(.text)
    xTaskGenericNotify                       0x0800250b   Thumb Code   242  tasks.o(.text)
    xTaskGenericNotifyFromISR                0x080025fd   Thumb Code   298  tasks.o(.text)
    vTaskNotifyGiveFromISR                   0x08002727   Thumb Code   246  tasks.o(.text)
    xTaskNotifyStateClear                    0x0800281d   Thumb Code    48  tasks.o(.text)
    pvPortMalloc                             0x08002913   Thumb Code   296  heap_4.o(.text)
    vPortFree                                0x08002a3b   Thumb Code   140  heap_4.o(.text)
    xPortGetFreeHeapSize                     0x08002ac7   Thumb Code     6  heap_4.o(.text)
    xPortGetMinimumEverFreeHeapSize          0x08002acd   Thumb Code     6  heap_4.o(.text)
    vPortInitialiseBlocks                    0x08002ad3   Thumb Code     2  heap_4.o(.text)
    init_power_gpio                          0x08002aed   Thumb Code    40  gpio.o(.text)
    init_led_gpio                            0x08002b15   Thumb Code    40  gpio.o(.text)
    led_on                                   0x08002b45   Thumb Code    14  led.o(.text)
    led_off                                  0x08002b53   Thumb Code    14  led.o(.text)
    toggle_led                               0x08002b61   Thumb Code    26  led.o(.text)
    init_led                                 0x08002b7b   Thumb Code     8  led.o(.text)
    led_task                                 0x08002b83   Thumb Code    16  led.o(.text)
    create_led_task                          0x08002b93   Thumb Code    26  led.o(.text)
    hdl_set_rcc                              0x08002bbd   Thumb Code   266  hdl_rcc.o(.text)
    hdl_output_gpio                          0x08002ce7   Thumb Code    20  hdl_gpio.o(.text)
    hdl_input_gpio                           0x08002cfb   Thumb Code    20  hdl_gpio.o(.text)
    process_receive                          0x08002dc7   Thumb Code    26  hdl_uart.o(.text)
    hdl_uart_init                            0x0800328b   Thumb Code    16  hdl_uart.o(.text)
    hdl_uart_send_byte                       0x080032c7   Thumb Code    30  hdl_uart.o(.text)
    hdl_uart_send_buffer                     0x080032e5   Thumb Code    50  hdl_uart.o(.text)
    hdl_uart_send_string                     0x08003317   Thumb Code    20  hdl_uart.o(.text)
    USART1_IRQHandler                        0x080033a5   Thumb Code    12  hdl_uart.o(.text)
    USART2_IRQHandler                        0x080033b1   Thumb Code    12  hdl_uart.o(.text)
    USART3_IRQHandler                        0x080033bd   Thumb Code    12  hdl_uart.o(.text)
    UART4_IRQHandler                         0x080033c9   Thumb Code    12  hdl_uart.o(.text)
    UART5_IRQHandler                         0x080033d5   Thumb Code    12  hdl_uart.o(.text)
    hdl_init_wwdg                            0x0800344b   Thumb Code    60  hdl_wwdg.o(.text)
    WWDG_IRQHandler                          0x08003487   Thumb Code    18  hdl_wwdg.o(.text)
    __aeabi_memset                           0x0800349d   Thumb Code    14  memseta.o(.text)
    __aeabi_memset4                          0x0800349d   Thumb Code     0  memseta.o(.text)
    __aeabi_memset8                          0x0800349d   Thumb Code     0  memseta.o(.text)
    __aeabi_memclr                           0x080034ab   Thumb Code     4  memseta.o(.text)
    __aeabi_memclr4                          0x080034ab   Thumb Code     0  memseta.o(.text)
    __aeabi_memclr8                          0x080034ab   Thumb Code     0  memseta.o(.text)
    _memset$wrapper                          0x080034af   Thumb Code    18  memseta.o(.text)
    __scatterload                            0x080034c1   Thumb Code    28  init.o(.text)
    __scatterload_rt2                        0x080034c1   Thumb Code     0  init.o(.text)
    __scatterload_copy                       0x080034e5   Thumb Code    14  handlers.o(i.__scatterload_copy)
    __scatterload_null                       0x080034f3   Thumb Code     2  handlers.o(i.__scatterload_null)
    __scatterload_zeroinit                   0x080034f5   Thumb Code    14  handlers.o(i.__scatterload_zeroinit)
    malloc                                   0x08003505   Thumb Code    92  malloc.o(i.malloc)
    Region$$Table$$Base                      0x08003570   Number         0  anon$$obj.o(Region$$Table)
    Region$$Table$$Limit                     0x08003590   Number         0  anon$$obj.o(Region$$Table)
    SystemCoreClock                          0x20000000   Data           4  system_stm32f10x.o(.data)
    AHBPrescTable                            0x20000004   Data          16  system_stm32f10x.o(.data)
    pxCurrentTCB                             0x20000034   Data           4  tasks.o(.data)
    __microlib_freelist                      0x200000b0   Data           4  mvars.o(.data)
    __microlib_freelist_initialised          0x200000b4   Data           4  mvars.o(.data)
    __heap_base                              0x20005a20   Data           0  startup_stm32f10x_hd.o(HEAP)
    __heap_limit                             0x20005c20   Data           0  startup_stm32f10x_hd.o(HEAP)
    __initial_sp                             0x20006020   Data           0  startup_stm32f10x_hd.o(STACK)



==============================================================================

Memory Map of the image

  Image Entry point : 0x08000131

  Load Region LR_IROM1 (Base: 0x08000000, Size: 0x00003648, Max: 0x00040000, ABSOLUTE)

    Execution Region ER_IROM1 (Base: 0x08000000, Size: 0x00003590, Max: 0x00040000, ABSOLUTE)

    Base Addr    Size         Type   Attr      Idx    E Section Name        Object

    0x08000000   0x00000130   Data   RO            3    RESET               startup_stm32f10x_hd.o
    0x08000130   0x00000000   Code   RO          902  * .ARM.Collect$$$$00000000  mc_w.l(entry.o)
    0x08000130   0x00000004   Code   RO          939    .ARM.Collect$$$$00000001  mc_w.l(entry2.o)
    0x08000134   0x00000004   Code   RO          942    .ARM.Collect$$$$00000004  mc_w.l(entry5.o)
    0x08000138   0x00000000   Code   RO          944    .ARM.Collect$$$$00000008  mc_w.l(entry7b.o)
    0x08000138   0x00000000   Code   RO          946    .ARM.Collect$$$$0000000A  mc_w.l(entry8b.o)
    0x08000138   0x00000008   Code   RO          947    .ARM.Collect$$$$0000000B  mc_w.l(entry9a.o)
    0x08000140   0x00000000   Code   RO          949    .ARM.Collect$$$$0000000D  mc_w.l(entry10a.o)
    0x08000140   0x00000000   Code   RO          951    .ARM.Collect$$$$0000000F  mc_w.l(entry11a.o)
    0x08000140   0x00000004   Code   RO          940    .ARM.Collect$$$$00002712  mc_w.l(entry2.o)
    0x08000144   0x00000096   Code   RO          497    .emb_text           port.o
    0x080001da   0x00000002   PAD
    0x080001dc   0x00000024   Code   RO            4    .text               startup_stm32f10x_hd.o
    0x08000200   0x000001e0   Code   RO           24    .text               system_stm32f10x.o
    0x080003e0   0x000000dc   Code   RO          121    .text               misc.o
    0x080004bc   0x0000035c   Code   RO          269    .text               stm32f10x_gpio.o
    0x08000818   0x000003a4   Code   RO          317    .text               stm32f10x_rcc.o
    0x08000bbc   0x00000408   Code   RO          379    .text               stm32f10x_usart.o
    0x08000fc4   0x00000088   Code   RO          391    .text               stm32f10x_wwdg.o
    0x0800104c   0x0000001c   Code   RO          403    .text               main.o
    0x08001068   0x00000002   Code   RO          458    .text               stm32f10x_it.o
    0x0800106a   0x00000094   Code   RO          473    .text               list.o
    0x080010fe   0x00000002   PAD
    0x08001100   0x0000025c   Code   RO          498    .text               port.o
    0x0800135c   0x000014f4   Code   RO          533    .text               tasks.o
    0x08002850   0x0000029c   Code   RO          570    .text               heap_4.o
    0x08002aec   0x00000058   Code   RO          648    .text               gpio.o
    0x08002b44   0x00000078   Code   RO          678    .text               led.o
    0x08002bbc   0x0000010a   Code   RO          690    .text               hdl_rcc.o
    0x08002cc6   0x00000048   Code   RO          738    .text               hdl_gpio.o
    0x08002d0e   0x00000002   PAD
    0x08002d10   0x00000718   Code   RO          762    .text               hdl_uart.o
    0x08003428   0x00000074   Code   RO          795    .text               hdl_wwdg.o
    0x0800349c   0x00000024   Code   RO          907    .text               mc_w.l(memseta.o)
    0x080034c0   0x00000024   Code   RO          955    .text               mc_w.l(init.o)
    0x080034e4   0x0000000e   Code   RO          959    i.__scatterload_copy  mc_w.l(handlers.o)
    0x080034f2   0x00000002   Code   RO          960    i.__scatterload_null  mc_w.l(handlers.o)
    0x080034f4   0x0000000e   Code   RO          961    i.__scatterload_zeroinit  mc_w.l(handlers.o)
    0x08003502   0x00000002   PAD
    0x08003504   0x0000006c   Code   RO          912    i.malloc            mc_w.l(malloc.o)
    0x08003570   0x00000020   Data   RO          957    Region$$Table       anon$$obj.o


    Execution Region RW_IRAM1 (Base: 0x20000000, Size: 0x00006020, Max: 0x0000c000, ABSOLUTE)

    Base Addr    Size         Type   Attr      Idx    E Section Name        Object

    0x20000000   0x00000014   Data   RW           25    .data               system_stm32f10x.o
    0x20000014   0x00000014   Data   RW          318    .data               stm32f10x_rcc.o
    0x20000028   0x0000000c   Data   RW          499    .data               port.o
    0x20000034   0x0000003c   Data   RW          535    .data               tasks.o
    0x20000070   0x00000018   Data   RW          572    .data               heap_4.o
    0x20000088   0x00000028   Data   RW          764    .data               hdl_uart.o
    0x200000b0   0x00000004   Data   RW          953    .data               mc_w.l(mvars.o)
    0x200000b4   0x00000004   Data   RW          954    .data               mc_w.l(mvars.o)
    0x200000b8   0x000000c8   Zero   RW          534    .bss                tasks.o
    0x20000180   0x00004400   Zero   RW          571    .bss                heap_4.o
    0x20004580   0x000014a0   Zero   RW          763    .bss                hdl_uart.o
    0x20005a20   0x00000200   Zero   RW            2    HEAP                startup_stm32f10x_hd.o
    0x20005c20   0x00000400   Zero   RW            1    STACK               startup_stm32f10x_hd.o


==============================================================================

Image component sizes


      Code (inc. data)   RO Data    RW Data    ZI Data      Debug   Object Name

         0          0          0          0          0       4272   core_cm3.o
        88          8          0          0          0        628   gpio.o
        72          0          0          0          0       1269   hdl_gpio.o
       266          0          0          0          0       2854   hdl_rcc.o
      1816        176          0         40       5280       5585   hdl_uart.o
       116          4          0          0          0        812   hdl_wwdg.o
       668         24          0         24      17408       5976   heap_4.o
       120         16          0          0          0        954   led.o
       148          0          0          0          0       5750   list.o
        28          0          0          0          0       5015   main.o
       220         22          0          0          0       1753   misc.o
       754         40          0         12          0       7763   port.o
        36          8        304          0       1536        844   startup_stm32f10x_hd.o
       860         38          0          0          0       5601   stm32f10x_gpio.o
         2          0          0          0          0        403   stm32f10x_it.o
       932         36          0         20          0       8752   stm32f10x_rcc.o
      1032         22          0          0          0       8324   stm32f10x_usart.o
       136         10          0          0          0       2252   stm32f10x_wwdg.o
       480         38          0         20          0     229671   system_stm32f10x.o
      5364        282          0         60        200      29576   tasks.o

    ----------------------------------------------------------------------
     13144        724        336        176      24424     328054   Object Totals
         0          0         32          0          0          0   (incl. Generated)
         6          0          0          0          0          0   (incl. Padding)

    ----------------------------------------------------------------------

      Code (inc. data)   RO Data    RW Data    ZI Data      Debug   Library Member Name

         0          0          0          0          0          0   entry.o
         0          0          0          0          0          0   entry10a.o
         0          0          0          0          0          0   entry11a.o
         8          4          0          0          0          0   entry2.o
         4          0          0          0          0          0   entry5.o
         0          0          0          0          0          0   entry7b.o
         0          0          0          0          0          0   entry8b.o
         8          4          0          0          0          0   entry9a.o
        30          0          0          0          0          0   handlers.o
        36          8          0          0          0         68   init.o
       108         16          0          0          0         84   malloc.o
        36          0          0          0          0        108   memseta.o
         0          0          0          8          0          0   mvars.o

    ----------------------------------------------------------------------
       232         32          0          8          0        260   Library Totals
         2          0          0          0          0          0   (incl. Padding)

    ----------------------------------------------------------------------

      Code (inc. data)   RO Data    RW Data    ZI Data      Debug   Library Name

       230         32          0          8          0        260   mc_w.l

    ----------------------------------------------------------------------
       232         32          0          8          0        260   Library Totals

    ----------------------------------------------------------------------

==============================================================================


      Code (inc. data)   RO Data    RW Data    ZI Data      Debug   

     13376        756        336        184      24424     326698   Grand Totals
     13376        756        336        184      24424     326698   ELF Image Totals
     13376        756        336        184          0          0   ROM Totals

==============================================================================

    Total RO  Size (Code + RO Data)                13712 (  13.39kB)
    Total RW  Size (RW Data + ZI Data)             24608 (  24.03kB)
    Total ROM Size (Code + RO Data + RW Data)      13896 (  13.57kB)

==============================================================================

